// Jest Snapshot v1, https://goo.gl/fbAQLP

exports[`Renders without crashing? 1`] = `
<div
  id="App"
>
  <div>
    <link
      crossOrigin="anonymous"
      href="https://stackpath.bootstrapcdn.com/bootstrap/4.4.1/css/bootstrap.min.css"
      integrity="sha384-Vkoo8x4CGsO3+Hhxv8T/Q5PaXtkKtu6ug5TOeNV6gBiFeWPGFN9MuhOf23Q9Ifjh"
      rel="stylesheet"
    />
    <div>
      <div
        className="container-fluid"
        id="header"
      >
        <div
          id="logocontainer"
        >
          <img
            alt="Logo"
            id="logo"
            src="./images/logo.png"
          />
        </div>
        <div
          id="navcontainer"
        >
          <nav
            className="navbar navbar-expand navbar-light"
          >
            <div
              className="container"
            >
              <div
                className="row"
              >
                <div
                  className="col"
                >
                  <div
                    className="navbar-nav"
                    onKeyDown={[Function]}
                  >
                    <div
                      className="nav-item"
                    >
                      <a
                        className="nav-link"
                        data-rb-event-key="/favourites"
                        href="/favourites"
                        onClick={[Function]}
                        onKeyDown={[Function]}
                      >
                        <svg
                          aria-labelledby="svg-inline--fa-title-fjjBUR7LNPeB"
                          className="svg-inline--fa fa-star fa-w-18 "
                          data-icon="star"
                          data-prefix="fas"
                          role="img"
                          style={Object {}}
                          viewBox="0 0 576 512"
                          xmlns="http://www.w3.org/2000/svg"
                        >
                          <title
                            id="svg-inline--fa-title-fjjBUR7LNPeB"
                            style={Object {}}
                          >
                            Favourites
                          </title>
                          <path
                            d="M259.3 17.8L194 150.2 47.9 171.5c-26.2 3.8-36.7 36.1-17.7 54.6l105.7 103-25 145.5c-4.5 26.3 23.2 46 46.4 33.7L288 439.6l130.7 68.7c23.2 12.2 50.9-7.4 46.4-33.7l-25-145.5 105.7-103c19-18.5 8.5-50.8-17.7-54.6L382 150.2 316.7 17.8c-11.7-23.6-45.6-23.9-57.4 0z"
                            fill="currentColor"
                            style={Object {}}
                          />
                        </svg>
                        FAVOURITES
                      </a>
                    </div>
                  </div>
                </div>
              </div>
            </div>
          </nav>
        </div>
      </div>
    </div>
    <div
      className="container"
    >
      <div
        id="searchcontainer"
      >
        <div
          id="searchcontent"
        >
          <div
            id="searchinput"
          >
            <input
              name="name"
              onChange={[Function]}
              placeholder="Search..."
              type="text"
            />
            <a
              href="/search"
              onClick={[Function]}
            >
              <button
                id="searchbutton"
                onClick={[Function]}
                type="submit"
              >
                <svg
                  aria-labelledby="svg-inline--fa-title-riFSJdmEuNcq"
                  className="svg-inline--fa fa-search fa-w-16 "
                  data-icon="search"
                  data-prefix="fas"
                  role="img"
                  style={Object {}}
                  viewBox="0 0 512 512"
                  xmlns="http://www.w3.org/2000/svg"
                >
                  <title
                    id="svg-inline--fa-title-riFSJdmEuNcq"
                    style={Object {}}
                  >
                    Search
                  </title>
                  <path
                    d="M505 442.7L405.3 343c-4.5-4.5-10.6-7-17-7H372c27.6-35.3 44-79.7 44-128C416 93.1 322.9 0 208 0S0 93.1 0 208s93.1 208 208 208c48.3 0 92.7-16.4 128-44v16.3c0 6.4 2.5 12.5 7 17l99.7 99.7c9.4 9.4 24.6 9.4 33.9 0l28.3-28.3c9.4-9.4 9.4-24.6.1-34zM208 336c-70.7 0-128-57.2-128-128 0-70.7 57.2-128 128-128 70.7 0 128 57.2 128 128 0 70.7-57.2 128-128 128z"
                    fill="currentColor"
                    style={Object {}}
                  />
                </svg>
              </button>
            </a>
          </div>
          <div
            className="dropright btn-group"
            role="group"
          >
            <button
              aria-expanded={false}
              aria-haspopup={true}
              className="dropdown-toggle btn btn-info btn-md"
              disabled={false}
              id="dropdown-basic"
              onClick={[Function]}
              type="button"
            >
              CATEGORIES
            </button>
          </div>
        </div>
        <div
          className="search-page"
        >
          <div
            className="container-fluid"
          >
            <div
              className="row row-cols-md-4"
            >
              <div />
            </div>
          </div>
        </div>
      </div>
    </div>
    <div
      id="footer"
    >
      <div
        className="container"
      >
        <div
          className="row"
        >
          <h6>
            PROUDLY CREATED WITH
             
            <svg
              aria-labelledby="svg-inline--fa-title-lbd7pgDwMcvN"
              className="svg-inline--fa fa-heart fa-w-16 "
              data-icon="heart"
              data-prefix="fas"
              role="img"
              style={Object {}}
              viewBox="0 0 512 512"
              xmlns="http://www.w3.org/2000/svg"
            >
              <title
                id="svg-inline--fa-title-lbd7pgDwMcvN"
                style={Object {}}
              >
                Favourites
              </title>
              <path
                d="M462.3 62.6C407.5 15.9 326 24.3 275.7 76.2L256 96.5l-19.7-20.3C186.1 24.3 104.5 15.9 49.7 62.6c-62.8 53.6-66.1 149.8-9.9 207.9l193.5 199.8c12.5 12.9 32.8 12.9 45.3 0l193.5-199.8c56.3-58.1 53-154.3-9.8-207.9z"
                fill="currentColor"
                style={Object {}}
              />
            </svg>
             USING THE
            <a
              href="https://affiliate.itunes.apple.com/resources/documentation/itunes-store-web-service-search-api/"
              rel="noreferrer"
              target="_blank"
            >
              <svg
                aria-hidden="true"
                className="svg-inline--fa fa-apple fa-w-12 "
                data-icon="apple"
                data-prefix="fab"
                focusable="false"
                role="img"
                style={Object {}}
                viewBox="0 0 384 512"
                xmlns="http://www.w3.org/2000/svg"
              >
                <path
                  d="M318.7 268.7c-.2-36.7 16.4-64.4 50-84.8-18.8-26.9-47.2-41.7-84.7-44.6-35.5-2.8-74.3 20.7-88.5 20.7-15 0-49.4-19.7-76.4-19.7C63.3 141.2 4 184.8 4 273.5q0 39.3 14.4 81.2c12.8 36.7 59 126.7 107.2 125.2 25.2-.6 43-17.9 75.8-17.9 31.8 0 48.3 17.9 76.4 17.9 48.6-.7 90.4-82.5 102.6-119.3-65.2-30.7-61.7-90-61.7-91.9zm-56.6-164.2c27.3-32.4 24.8-61.9 24-72.5-24.1 1.4-52 16.4-67.9 34.9-17.5 19.8-27.8 44.3-25.6 71.9 26.1 2 49.9-11.4 69.5-34.3z"
                  fill="currentColor"
                  style={Object {}}
                />
              </svg>
              iTunes
            </a>
            SEARCH API.
          </h6>
          <div
            id="scrollcontainer"
          >
            <svg
              aria-labelledby="svg-inline--fa-title-mJuBYOrpsGxc"
              className="svg-inline--fa fa-angle-double-up fa-w-10 "
              data-icon="angle-double-up"
              data-prefix="fas"
              onClick={[Function]}
              role="img"
              style={
                Object {
                  "display": "none",
                }
              }
              viewBox="0 0 320 512"
              xmlns="http://www.w3.org/2000/svg"
            >
              <title
                id="svg-inline--fa-title-mJuBYOrpsGxc"
                style={Object {}}
              >
                Scroll to Top
              </title>
              <path
                d="M177 255.7l136 136c9.4 9.4 9.4 24.6 0 33.9l-22.6 22.6c-9.4 9.4-24.6 9.4-33.9 0L160 351.9l-96.4 96.4c-9.4 9.4-24.6 9.4-33.9 0L7 425.7c-9.4-9.4-9.4-24.6 0-33.9l136-136c9.4-9.5 24.6-9.5 34-.1zm-34-192L7 199.7c-9.4 9.4-9.4 24.6 0 33.9l22.6 22.6c9.4 9.4 24.6 9.4 33.9 0l96.4-96.4 96.4 96.4c9.4 9.4 24.6 9.4 33.9 0l22.6-22.6c9.4-9.4 9.4-24.6 0-33.9l-136-136c-9.2-9.4-24.4-9.4-33.8 0z"
                fill="currentColor"
                style={Object {}}
              />
            </svg>
          </div>
        </div>
      </div>
    </div>
  </div>
</div>
`;
